==========
Transcript
==========

This is the transcript of the successful build carried out in this tutorial.

::

	[liveuser@localhost ~]$ df -Th
	Filesystem          Type      Size  Used Avail Use% Mounted on
	/dev/mapper/live-rw ext4      2.9G  1.9G  1.1G  65% /
	devtmpfs            devtmpfs  958M     0  958M   0% /dev
	tmpfs               tmpfs     976M   68K  976M   1% /dev/shm
	tmpfs               tmpfs     976M  848K  976M   1% /run
	tmpfs               tmpfs     976M     0  976M   0% /sys/fs/cgroup
	/dev/sdb1           iso9660   713M  713M     0 100% /run/initramfs/live
	tmpfs               tmpfs     976M   76K  976M   1% /tmp
	vartmp              tmpfs     976M   12K  976M   1% /var/tmp
	varcacheyum         tmpfs     976M     0  976M   0% /var/cache/yum
	tmpfs               tmpfs     196M   12K  196M   1% /run/user/1000
	tmpfs               tmpfs     196M  4.0K  196M   1% /run/user/993

USB stick inserted here.

::

	[liveuser@localhost ~]$ df -Th
	Filesystem          Type      Size  Used Avail Use% Mounted on
	/dev/mapper/live-rw ext4      2.9G  1.9G  1.1G  65% /
	devtmpfs            devtmpfs  958M     0  958M   0% /dev
	tmpfs               tmpfs     976M   68K  976M   1% /dev/shm
	tmpfs               tmpfs     976M  872K  976M   1% /run
	tmpfs               tmpfs     976M     0  976M   0% /sys/fs/cgroup
	/dev/sdb1           iso9660   713M  713M     0 100% /run/initramfs/live
	tmpfs               tmpfs     976M   76K  976M   1% /tmp
	vartmp              tmpfs     976M   12K  976M   1% /var/tmp
	varcacheyum         tmpfs     976M     0  976M   0% /var/cache/yum
	tmpfs               tmpfs     196M   12K  196M   1% /run/user/1000
	tmpfs               tmpfs     196M  4.0K  196M   1% /run/user/993
	/dev/sdd1           vfat      3.7G  4.0K  3.7G   1% /run/media/liveuser/Kingston
	[liveuser@localhost ~]$ umount /dev/sdd1
	[liveuser@localhost ~]$ su -c "livecd-iso-to-disk --reset-mbr --overlay-size-mb 700 --home-size-mb 2200 --unencrypted-home /run/initramfs/livedev /dev/sdd1"
	Verifying image...
	/dev/sdb1:   301f77b4c4429f8cd1c3dc83032c8a58
	Fragment sums: 5f34ade9add3572bd968e3ee8b5b5e85516bc2f7a9a158e52ad3599b9df9
	Fragment count: 20
	Supported ISO: no
	Press [Esc] to abort check.
	Checking: 100.0%

	The media check is complete, the result is: PASS.

	It is OK to use this media.
	Copying live image to target device.
	squashfs.img
	    703,807,488 100%    9.12MB/s    0:01:13 (xfr#1, to-chk=0/1)
	osmin.img
		  8,192 100%    0.00kB/s    0:00:00 (xfr#1, to-chk=0/1)
	Updating boot config file
	Initializing persistent overlay file
	700+0 records in
	700+0 records out
	734003200 bytes (734 MB) copied, 55.7006 s, 13.2 MB/s
	Initializing persistent /home
	2200+0 records in
	2200+0 records out
	2306867200 bytes (2.3 GB) copied, 193.214 s, 11.9 MB/s
	Formatting unencrypted /home
	mke2fs 1.42.11 (09-Jul-2014)
	warning: Unable to get device geometry for /media/tgttmp.HPiI4B/LiveOS/home.img
	Creating filesystem with 563200 4k blocks and 140832 inodes
	Filesystem UUID: bd6770e9-3ed0-4f32-a18e-35b282a23319
	Superblock backups stored on blocks: 
		32768, 98304, 163840, 229376, 294912

	Allocating group tables: done                            
	Writing inode tables: done                            
	Creating journal (16384 blocks): done
	Writing superblocks and filesystem accounting information: done 

	tune2fs 1.42.11 (09-Jul-2014)
	Setting maximal mount count to -1
	Setting interval between checks to 0 seconds
	Installing boot loader
	Target device is now set up with a Live image!
	[liveuser@localhost ~]$ 
